
> react-typescript-starter@0.1.0 test
> react-scripts test

PASS src/arrays.test.ts
  ● Console

    console.log
      [
        100, 199, 1, -5,
        300,   7, 3
      ]

      at src/arrays.test.ts:264:13

PASS src/objects.test.ts
PASS src/HtmlCss.test.tsx
PASS src/functions.test.ts
PASS src/text.test.tsx
PASS src/App.test.tsx
----------------|---------|----------|---------|---------|-------------------
File            | % Stmts | % Branch | % Funcs | % Lines | Uncovered Line #s 
----------------|---------|----------|---------|---------|-------------------
All files       |   98.98 |    97.22 |     100 |   98.87 |                   
 src            |   98.98 |    97.22 |     100 |   98.87 |                   
  App.tsx       |     100 |      100 |     100 |     100 |                   
  arrays.ts     |     100 |      100 |     100 |     100 |                   
  functions.ts  |     100 |      100 |     100 |     100 |                   
  objects.ts    |   95.65 |    83.33 |     100 |   95.45 | 50                
 src/interfaces |       0 |        0 |       0 |       0 |                   
  question.ts   |       0 |        0 |       0 |       0 |                   
----------------|---------|----------|---------|---------|-------------------

Test Suites: 6 passed, 6 total
Tests:       33 passed, 33 total
Snapshots:   0 total
Time:        5.873 s
Ran all test suites.
